[    1589ms] [ERROR] Failed to load resource: the server responded with a status of 404 (Not Found) @ https://aip.ianlab.org/manifest.json:0
[    1590ms] [ERROR] Manifest fetch from https://aip.ianlab.org/manifest.json failed, code 404 @ https://aip.ianlab.org/less-search-more-control-50:2
[    2262ms] [ERROR] Failed to load resource: the server responded with a status of 404 (Not Found) @ https://aip.ianlab.org/manifest.json:0
[    2400ms] [ERROR] Manifest fetch from https://aip.ianlab.org/manifest.json failed, code 404 @ https://aip.ianlab.org/less-search-more-control-50:0
[    3667ms] [ERROR] Connecting to 'https://grsm.io/pr/grc/pk_OuS0hnEkdJPmianOAnKqzlYDQ2CaOsHX?get_pscd=true' violates the following Content Security Policy directive: "connect-src 'self' https://cdn.coda.io https://docs.superhuman.com https://id.superhuman.com https://gateway.superhuman.com https://gateway.superhuman.com wss://gateway.superhuman.com wss://coda.io https://auth.grammarly.com wss://capi-local.grammarly.com/freews wss://capi.grammarly.com/freews https://f-log-ai-editor.grammarly.io https://ai-editor.femetrics.grammarly.io https://gr-core-prod-assistant-file.s3.amazonaws.com/ https://goldengate.grammarly.com https://subscription.grammarly.com https://traces.grammarly.io/v1/traces https://d1m7gvwd59hen3.cloudfront.net https://superhuman.framer.website https://superhuman.com https://coda.io wss://*.intercom.io https://coda-us-west-2-prod-blobs-upload.s3-accelerate.amazonaws.com https://coda-us-west-2-prod-vision-uploads.s3.us-west-2.amazonaws.com https://coda-us-west-2-prod-packs-upload.s3-accelerate.amazonaws.com https://coda-us-west-2-prod-packs.s3.us-west-2.amazonaws.com https://codahosted.io https://codacontent.io https://coda.io https://*.intercom.io https://uploads.intercomcdn.com https://uploads.intercomusercontent.com https://sdk.iad-05.braze.com https://app.getsentry.com https://iframe.ly https://cdn.iframe.ly https://baconipsum.com https://api.trello.com https://api.stripe.com https://*.google-analytics.com https://*.analytics.google.com https://*.googletagmanager.com https://www.google.com/ccm/collect https://*.g.doubleclick.net https://*.google.com https://www.google.com/pagead/landing https://www.facebook.com https://*.marketo.com https://*.mktoresp.com https://*.mktoutil.com https://*.mutinycdn.com https://*.mutinyhq.com https://*.mutinyhq.io https://cdn.cookielaw.org https://*.onetrust.com https://us-central1-adaptive-growth.cloudfunctions.net https://sink.pdst.fm https://partnerlinks.io https://pixel.pvd.to https://tracker.pixeltracker.co https://pixelconnector.pixeltracker.co https://login.microsoftonline.com https://graph.microsoft.com https://*.hotjar.com https://*.hotjar.io wss://*.hotjar.com https://*.api.sanity.io https://*.apicdn.sanity.io https://statsig.coda.io https://statsigapi.net https://app.clearbit.com https://cdn.linkedin.oribi.io https://snap.licdn.com https://px.ads.linkedin.com https://px4.ads.linkedin.com https://p.adsymptotic.com https://gw.linkedin.oribi.io https://dc.ads.linkedin.com https://sjs.bizographics.com https://api.sprig.com https://cdn.sprig.com https://pixels.spotify.com/v1/ingest https://api.cr-relay.com/ https://api.palette.dev https://*.forethought.ai https://coda-migrations.femetrics.grammarly.io https://in.grammarly.com https://gateway.grammarly.com https://treatment.grammarly.com https://gates.grammarly.com". The action has been blocked. @ https://js.partnerstack.com/v1/:0
[    3678ms] [ERROR] Connecting to 'https://c.adora-cdn.com/organizations/299901e6-e9e8-4806-bfc6-4d83179da021/routing' violates the following Content Security Policy directive: "connect-src 'self' https://cdn.coda.io https://docs.superhuman.com https://id.superhuman.com https://gateway.superhuman.com https://gateway.superhuman.com wss://gateway.superhuman.com wss://coda.io https://auth.grammarly.com wss://capi-local.grammarly.com/freews wss://capi.grammarly.com/freews https://f-log-ai-editor.grammarly.io https://ai-editor.femetrics.grammarly.io https://gr-core-prod-assistant-file.s3.amazonaws.com/ https://goldengate.grammarly.com https://subscription.grammarly.com https://traces.grammarly.io/v1/traces https://d1m7gvwd59hen3.cloudfront.net https://superhuman.framer.website https://superhuman.com https://coda.io wss://*.intercom.io https://coda-us-west-2-prod-blobs-upload.s3-accelerate.amazonaws.com https://coda-us-west-2-prod-vision-uploads.s3.us-west-2.amazonaws.com https://coda-us-west-2-prod-packs-upload.s3-accelerate.amazonaws.com https://coda-us-west-2-prod-packs.s3.us-west-2.amazonaws.com https://codahosted.io https://codacontent.io https://coda.io https://*.intercom.io https://uploads.intercomcdn.com https://uploads.intercomusercontent.com https://sdk.iad-05.braze.com https://app.getsentry.com https://iframe.ly https://cdn.iframe.ly https://baconipsum.com https://api.trello.com https://api.stripe.com https://*.google-analytics.com https://*.analytics.google.com https://*.googletagmanager.com https://www.google.com/ccm/collect https://*.g.doubleclick.net https://*.google.com https://www.google.com/pagead/landing https://www.facebook.com https://*.marketo.com https://*.mktoresp.com https://*.mktoutil.com https://*.mutinycdn.com https://*.mutinyhq.com https://*.mutinyhq.io https://cdn.cookielaw.org https://*.onetrust.com https://us-central1-adaptive-growth.cloudfunctions.net https://sink.pdst.fm https://partnerlinks.io https://pixel.pvd.to https://tracker.pixeltracker.co https://pixelconnector.pixeltracker.co https://login.microsoftonline.com https://graph.microsoft.com https://*.hotjar.com https://*.hotjar.io wss://*.hotjar.com https://*.api.sanity.io https://*.apicdn.sanity.io https://statsig.coda.io https://statsigapi.net https://app.clearbit.com https://cdn.linkedin.oribi.io https://snap.licdn.com https://px.ads.linkedin.com https://px4.ads.linkedin.com https://p.adsymptotic.com https://gw.linkedin.oribi.io https://dc.ads.linkedin.com https://sjs.bizographics.com https://api.sprig.com https://cdn.sprig.com https://pixels.spotify.com/v1/ingest https://api.cr-relay.com/ https://api.palette.dev https://*.forethought.ai https://coda-migrations.femetrics.grammarly.io https://in.grammarly.com https://gateway.grammarly.com https://treatment.grammarly.com https://gates.grammarly.com". The action has been blocked. @ https://adora-cdn.com/adora-start.js:0
[    3678ms] [ERROR] Fetch API cannot load https://c.adora-cdn.com/organizations/299901e6-e9e8-4806-bfc6-4d83179da021/routing. Refused to connect because it violates the document's Content Security Policy. @ https://adora-cdn.com/adora-start.js:0
[    3947ms] [ERROR] [error:2026-06-21T16:37:06.956+09:00] Unhandled Exception: Error: "ResizeObserver loop completed with undelivered notifications."
at https://aip.ianlab.org/less-search-more-control-50:0:0 @ https://cdn.coda.io/assets/browser.9bbe9bce7e29114c.entry.js:1
[    4035ms] [ERROR] [error:2026-06-21T16:37:07.044+09:00] Unhandled Exception: Error: "ResizeObserver loop completed with undelivered notifications."
at https://aip.ianlab.org/less-search-more-control-50:0:0 @ https://cdn.coda.io/assets/browser.9bbe9bce7e29114c.entry.js:1
[    4166ms] [ERROR] [error:2026-06-21T16:37:07.174+09:00] Unhandled Exception: Error: "ResizeObserver loop completed with undelivered notifications."
at https://aip.ianlab.org/less-search-more-control-50:0:0 @ https://cdn.coda.io/assets/browser.9bbe9bce7e29114c.entry.js:1
[    4459ms] [WARNING] [Sprig] - Disregarding empty attribute / value provided @ https://cdn.coda.io/assets/2962.e79d5dafb3379634.chunk.js:0
[    4459ms] [WARNING] [Sprig] - Disregarding empty attribute / value provided @ https://cdn.coda.io/assets/2962.e79d5dafb3379634.chunk.js:0
[    4459ms] [WARNING] [Sprig] - Disregarding empty attribute / value provided @ https://cdn.coda.io/assets/2962.e79d5dafb3379634.chunk.js:0
[    4459ms] [WARNING] [Sprig] - Disregarding empty attribute / value provided @ https://cdn.coda.io/assets/2962.e79d5dafb3379634.chunk.js:0
[  127512ms] [WARNING] [warn:2026-06-21T16:39:10.520+09:00] Could not find target for coords "479, 88 @ https://cdn.coda.io/assets/browser.9bbe9bce7e29114c.entry.js:1
[  127513ms] [WARNING] [warn:2026-06-21T16:39:10.521+09:00] Could not find target for coords "479, 88 @ https://cdn.coda.io/assets/browser.9bbe9bce7e29114c.entry.js:1
[  128165ms] [WARNING] [warn:2026-06-21T16:39:11.173+09:00] Could not find target for coords "479, 88 @ https://cdn.coda.io/assets/browser.9bbe9bce7e29114c.entry.js:1
[  128165ms] [WARNING] [warn:2026-06-21T16:39:11.174+09:00] Could not find target for coords "479, 88 @ https://cdn.coda.io/assets/browser.9bbe9bce7e29114c.entry.js:1
[  128193ms] [WARNING] [warn:2026-06-21T16:39:11.202+09:00] Could not find target for coords "479, 88 @ https://cdn.coda.io/assets/browser.9bbe9bce7e29114c.entry.js:1
[  128194ms] [WARNING] [warn:2026-06-21T16:39:11.202+09:00] Could not find target for coords "479, 88 @ https://cdn.coda.io/assets/browser.9bbe9bce7e29114c.entry.js:1
[  128210ms] [WARNING] [warn:2026-06-21T16:39:11.218+09:00] Could not find target for coords "479, 88 @ https://cdn.coda.io/assets/browser.9bbe9bce7e29114c.entry.js:1
[  128211ms] [WARNING] [warn:2026-06-21T16:39:11.219+09:00] Could not find target for coords "479, 88 @ https://cdn.coda.io/assets/browser.9bbe9bce7e29114c.entry.js:1
[  129293ms] [WARNING] [warn:2026-06-21T16:39:12.302+09:00] Could not find target for coords "479, 88 @ https://cdn.coda.io/assets/browser.9bbe9bce7e29114c.entry.js:1
[  129294ms] [WARNING] [warn:2026-06-21T16:39:12.302+09:00] Could not find target for coords "479, 88 @ https://cdn.coda.io/assets/browser.9bbe9bce7e29114c.entry.js:1
[  129310ms] [WARNING] [warn:2026-06-21T16:39:12.318+09:00] Could not find target for coords "479, 88 @ https://cdn.coda.io/assets/browser.9bbe9bce7e29114c.entry.js:1
[  129310ms] [WARNING] [warn:2026-06-21T16:39:12.319+09:00] Could not find target for coords "479, 88 @ https://cdn.coda.io/assets/browser.9bbe9bce7e29114c.entry.js:1
[ 2748742ms] [WARNING] Origin trial controlled feature not enabled: 'focus-without-user-activation'. @ https://cdn.coda.io/assets/browser.9bbe9bce7e29114c.entry.js:1
[ 2748743ms] [WARNING] Allow attribute will take precedence over 'allowfullscreen'. @ https://cdn.coda.io/assets/browser.9bbe9bce7e29114c.entry.js:1
[ 2750450ms] [ERROR] Failed to load resource: the server responded with a status of 401 () @ https://api.fillout.com/v1/flow/login/respondent/oPgCcswpLpus/profile:0
[ 2750451ms] [ERROR] RequestError: Token missing
    at m (https://iform.fillout.com/_next/static/chunks/pages/_app-7f315d07de67a41f.js:1:383891)
    at async w (https://iform.fillout.com/_next/static/chunks/pages/_app-7f315d07de67a41f.js:1:385046)
    at async h (https://iform.fillout.com/_next/static/chunks/pages/_app-7f315d07de67a41f.js:1:286614)
    at async u (https://iform.fillout.com/_next/static/chunks/77471-5d00429816e06237.js:1:727)
    at async https://iform.fillout.com/_next/static/chunks/59923-8a89737148ac7558.js:1:4904
    at async https://iform.fillout.com/_next/static/chunks/59923-8a89737148ac7558.js:1:18137 @ https://iform.fillout.com/_next/static/chunks/main-d6988ae19333a6a3.js:4
